2026-06-19 10:34:24,753 INFO o.a.j.u.JMeterUtils: Setting Locale to en_EN
2026-06-19 10:34:24,864 INFO o.a.j.JMeter: Loading user properties from: /usr/local/Cellar/jmeter/5.6.3/libexec/bin/user.properties
2026-06-19 10:34:24,865 INFO o.a.j.JMeter: Loading system properties from: /usr/local/Cellar/jmeter/5.6.3/libexec/bin/system.properties
2026-06-19 10:34:24,871 INFO o.a.j.JMeter: Copyright (c) 1998-2024 The Apache Software Foundation
2026-06-19 10:34:24,871 INFO o.a.j.JMeter: Version 5.6.3
2026-06-19 10:34:24,871 INFO o.a.j.JMeter: java.version=21.0.11
2026-06-19 10:34:24,871 INFO o.a.j.JMeter: java.vm.name=OpenJDK 64-Bit Server VM
2026-06-19 10:34:24,872 INFO o.a.j.JMeter: os.name=Mac OS X
2026-06-19 10:34:24,872 INFO o.a.j.JMeter: os.arch=x86_64
2026-06-19 10:34:24,872 INFO o.a.j.JMeter: os.version=26.5.1
2026-06-19 10:34:24,872 INFO o.a.j.JMeter: file.encoding=UTF-8
2026-06-19 10:34:24,872 INFO o.a.j.JMeter: java.awt.headless=null
2026-06-19 10:34:24,872 INFO o.a.j.JMeter: Max memory     =1073741824
2026-06-19 10:34:24,872 INFO o.a.j.JMeter: Available Processors =10
2026-06-19 10:34:24,878 INFO o.a.j.JMeter: Default Locale=English (EN)
2026-06-19 10:34:24,878 INFO o.a.j.JMeter: JMeter  Locale=English (EN)
2026-06-19 10:34:24,878 INFO o.a.j.JMeter: JMeterHome=/usr/local/Cellar/jmeter/5.6.3/libexec
2026-06-19 10:34:24,878 INFO o.a.j.JMeter: user.dir  =/Users/adrianatrocherobles/Mis cosas/Documents/Personal/Master en litethinking/qa-devops-ai-challenge
2026-06-19 10:34:24,879 INFO o.a.j.JMeter: PWD       =/Users/adrianatrocherobles/Mis cosas/Documents/Personal/Master en litethinking/qa-devops-ai-challenge
2026-06-19 10:34:24,881 INFO o.a.j.JMeter: IP: 127.0.0.1 Name: MacBook-Air.local FullName: localhost
