2026-06-19 15:32:09,092 INFO o.a.j.u.JMeterUtils: Setting Locale to en_EN
2026-06-19 15:32:09,204 INFO o.a.j.JMeter: Loading user properties from: /usr/local/Cellar/jmeter/5.6.3/libexec/bin/user.properties
2026-06-19 15:32:09,205 INFO o.a.j.JMeter: Loading system properties from: /usr/local/Cellar/jmeter/5.6.3/libexec/bin/system.properties
2026-06-19 15:32:09,213 INFO o.a.j.JMeter: Copyright (c) 1998-2024 The Apache Software Foundation
2026-06-19 15:32:09,213 INFO o.a.j.JMeter: Version 5.6.3
2026-06-19 15:32:09,213 INFO o.a.j.JMeter: java.version=21.0.11
2026-06-19 15:32:09,213 INFO o.a.j.JMeter: java.vm.name=OpenJDK 64-Bit Server VM
2026-06-19 15:32:09,213 INFO o.a.j.JMeter: os.name=Mac OS X
2026-06-19 15:32:09,213 INFO o.a.j.JMeter: os.arch=x86_64
2026-06-19 15:32:09,213 INFO o.a.j.JMeter: os.version=26.5.1
2026-06-19 15:32:09,213 INFO o.a.j.JMeter: file.encoding=UTF-8
2026-06-19 15:32:09,213 INFO o.a.j.JMeter: java.awt.headless=true
2026-06-19 15:32:09,213 INFO o.a.j.JMeter: Max memory     =1073741824
2026-06-19 15:32:09,213 INFO o.a.j.JMeter: Available Processors =10
2026-06-19 15:32:09,221 INFO o.a.j.JMeter: Default Locale=English (EN)
2026-06-19 15:32:09,221 INFO o.a.j.JMeter: JMeter  Locale=English (EN)
2026-06-19 15:32:09,222 INFO o.a.j.JMeter: JMeterHome=/usr/local/Cellar/jmeter/5.6.3/libexec
2026-06-19 15:32:09,222 INFO o.a.j.JMeter: user.dir  =/Users/adrianatrocherobles/Mis cosas/Documents/Personal/Master en litethinking/qa-devops-ai-challenge
2026-06-19 15:32:09,222 INFO o.a.j.JMeter: PWD       =/Users/adrianatrocherobles/Mis cosas/Documents/Personal/Master en litethinking/qa-devops-ai-challenge
2026-06-19 15:32:09,224 INFO o.a.j.JMeter: IP: 127.0.0.1 Name: MacBook-Air.local FullName: localhost
2026-06-19 15:32:09,242 INFO o.a.j.JMeter: Setting property 'jmeter.reportgenerator.outputdir' to:'/Users/adrianatrocherobles/Mis cosas/Documents/Personal/Master en litethinking/qa-devops-ai-challenge/performance/jmeter/results/html-report'
2026-06-19 15:32:09,247 INFO o.a.j.s.FileServer: Default base='/Users/adrianatrocherobles/Mis cosas/Documents/Personal/Master en litethinking/qa-devops-ai-challenge'
2026-06-19 15:32:09,250 INFO o.a.j.s.FileServer: Set new base='/Users/adrianatrocherobles/Mis cosas/Documents/Personal/Master en litethinking/qa-devops-ai-challenge/performance/jmeter'
2026-06-19 15:32:09,539 INFO o.a.j.s.SaveService: Testplan (JMX) version: 2.2. Testlog (JTL) version: 2.2
2026-06-19 15:32:09,574 INFO o.a.j.s.SaveService: Using SaveService properties version 5.0
2026-06-19 15:32:09,577 INFO o.a.j.s.SaveService: Using SaveService properties file encoding UTF-8
2026-06-19 15:32:09,580 INFO o.a.j.s.SaveService: Loading file: performance/jmeter/academia-sin-humo-flow.jmx
2026-06-19 15:32:09,625 INFO o.a.j.p.h.s.HTTPSamplerBase: Parser for text/html is org.apache.jmeter.protocol.http.parser.LagartoBasedHtmlParser
2026-06-19 15:32:09,625 INFO o.a.j.p.h.s.HTTPSamplerBase: Parser for application/xhtml+xml is org.apache.jmeter.protocol.http.parser.LagartoBasedHtmlParser
2026-06-19 15:32:09,625 INFO o.a.j.p.h.s.HTTPSamplerBase: Parser for application/xml is org.apache.jmeter.protocol.http.parser.LagartoBasedHtmlParser
2026-06-19 15:32:09,625 INFO o.a.j.p.h.s.HTTPSamplerBase: Parser for text/xml is org.apache.jmeter.protocol.http.parser.LagartoBasedHtmlParser
2026-06-19 15:32:09,625 INFO o.a.j.p.h.s.HTTPSamplerBase: Parser for text/vnd.wap.wml is org.apache.jmeter.protocol.http.parser.RegexpHTMLParser
2026-06-19 15:32:09,626 INFO o.a.j.p.h.s.HTTPSamplerBase: Parser for text/css is org.apache.jmeter.protocol.http.parser.CssParser
2026-06-19 15:32:09,664 INFO o.a.j.JMeter: Creating summariser <summary>
2026-06-19 15:32:09,668 INFO o.a.j.r.d.ReportGenerator: ReportGenerator will use for Parsing the separator: ','
2026-06-19 15:32:09,668 INFO o.a.j.r.d.ReportGenerator: Will generate report at end of test from  results file: performance/jmeter/results/results.jtl
2026-06-19 15:32:09,668 INFO o.a.j.r.d.ReportGenerator: Reading report generator properties from: /usr/local/Cellar/jmeter/5.6.3/libexec/bin/reportgenerator.properties
2026-06-19 15:32:09,669 INFO o.a.j.r.d.ReportGenerator: Merging with JMeter properties
2026-06-19 15:32:09,671 INFO o.a.j.r.c.ReportGeneratorConfiguration: Property 'jmeter.reportgenerator.temp_dir' not found, using default value 'temp' instead.
2026-06-19 15:32:09,674 INFO o.a.j.r.c.ReportGeneratorConfiguration: Property 'jmeter.reportgenerator.apdex_per_transaction' not found, using default value 'null' instead.
2026-06-19 15:32:09,674 INFO o.a.j.r.c.ReportGeneratorConfiguration: apdex_per_transaction is empty, not APDEX per transaction customization
2026-06-19 15:32:09,674 INFO o.a.j.r.c.ReportGeneratorConfiguration: Property 'jmeter.reportgenerator.sample_filter' not found, using default value 'null' instead.
2026-06-19 15:32:09,674 INFO o.a.j.r.c.ReportGeneratorConfiguration: Property 'jmeter.reportgenerator.report_title' not found, using default value 'null' instead.
2026-06-19 15:32:09,674 INFO o.a.j.r.c.ReportGeneratorConfiguration: Property 'jmeter.reportgenerator.start_date' not found, using default value 'null' instead.
2026-06-19 15:32:09,674 INFO o.a.j.r.c.ReportGeneratorConfiguration: Property 'jmeter.reportgenerator.end_date' not found, using default value 'null' instead.
2026-06-19 15:32:09,674 INFO o.a.j.r.c.ReportGeneratorConfiguration: Property 'jmeter.reportgenerator.date_format' not found, using default value 'null' instead.
2026-06-19 15:32:09,677 INFO o.a.j.r.c.ReportGeneratorConfiguration: Will use date range start date: null, end date: null
2026-06-19 15:32:09,683 INFO o.a.j.r.c.ReportGeneratorConfiguration: Property 'jmeter.reportgenerator.graph.totalTPS.exclude_controllers' not found, using default value 'false' instead.
2026-06-19 15:32:09,683 INFO o.a.j.r.c.ReportGeneratorConfiguration: Property 'jmeter.reportgenerator.graph.activeThreadsOverTime.exclude_controllers' not found, using default value 'false' instead.
2026-06-19 15:32:09,683 INFO o.a.j.r.c.ReportGeneratorConfiguration: Property 'jmeter.reportgenerator.graph.timeVsThreads.exclude_controllers' not found, using default value 'false' instead.
2026-06-19 15:32:09,683 INFO o.a.j.r.c.ReportGeneratorConfiguration: Property 'jmeter.reportgenerator.graph.responseTimeDistribution.exclude_controllers' not found, using default value 'false' instead.
2026-06-19 15:32:09,683 INFO o.a.j.r.c.ReportGeneratorConfiguration: Property 'jmeter.reportgenerator.graph.transactionsPerSecond.exclude_controllers' not found, using default value 'false' instead.
2026-06-19 15:32:09,684 INFO o.a.j.r.c.ReportGeneratorConfiguration: Property 'jmeter.reportgenerator.graph.responseTimePercentiles.exclude_controllers' not found, using default value 'false' instead.
2026-06-19 15:32:09,684 INFO o.a.j.r.c.ReportGeneratorConfiguration: Property 'jmeter.reportgenerator.graph.responseTimePercentilesOverTime.exclude_controllers' not found, using default value 'false' instead.
2026-06-19 15:32:09,684 INFO o.a.j.r.c.ReportGeneratorConfiguration: Property 'jmeter.reportgenerator.graph.responseTimesOverTime.exclude_controllers' not found, using default value 'false' instead.
2026-06-19 15:32:09,684 INFO o.a.j.r.c.ReportGeneratorConfiguration: Property 'jmeter.reportgenerator.graph.connectTimeOverTime.exclude_controllers' not found, using default value 'false' instead.
2026-06-19 15:32:09,684 INFO o.a.j.r.c.ReportGeneratorConfiguration: Property 'jmeter.reportgenerator.graph.latenciesOverTime.exclude_controllers' not found, using default value 'false' instead.
2026-06-19 15:32:09,685 INFO o.a.j.r.c.ReportGeneratorConfiguration: Property 'jmeter.reportgenerator.exporter.json.filters_only_sample_series' not found, using default value 'true' instead.
2026-06-19 15:32:09,686 INFO o.a.j.r.c.ReportGeneratorConfiguration: Property 'jmeter.reportgenerator.exporter.json.series_filter' not found, using default value '' instead.
2026-06-19 15:32:09,687 INFO o.a.j.r.c.ReportGeneratorConfiguration: Property 'jmeter.reportgenerator.exporter.json.show_controllers_only' not found, using default value 'false' instead.
2026-06-19 15:32:09,687 INFO o.a.j.r.c.ReportGeneratorConfiguration: Property 'jmeter.reportgenerator.exporter.html.filters_only_sample_series' not found, using default value 'true' instead.
2026-06-19 15:32:09,687 INFO o.a.j.r.c.ReportGeneratorConfiguration: Property 'jmeter.reportgenerator.exporter.html.series_filter' not found, using default value '' instead.
2026-06-19 15:32:09,687 INFO o.a.j.r.c.ReportGeneratorConfiguration: Property 'jmeter.reportgenerator.exporter.html.show_controllers_only' not found, using default value 'false' instead.
2026-06-19 15:32:09,706 INFO o.a.j.e.StandardJMeterEngine: Running the test!
2026-06-19 15:32:09,707 INFO o.a.j.s.SampleEvent: List of sample_variables: []
2026-06-19 15:32:09,707 INFO o.a.j.s.SampleEvent: List of sample_variables: []
2026-06-19 15:32:09,711 INFO o.a.j.e.u.CompoundVariable: Note: Function class names must contain the string: '.functions.'
2026-06-19 15:32:09,711 INFO o.a.j.e.u.CompoundVariable: Note: Function class names must not contain the string: '.gui.'
2026-06-19 15:32:09,766 INFO o.a.j.r.ClassFinder: Will scan jar /usr/local/Cellar/jmeter/5.6.3/libexec/lib/ext/jmeter-plugins-manager-1.9.jar with filter ExtendsClassFilter [parents=[interface org.apache.jmeter.functions.Function], inner=false, contains=null, notContains=null]. Consider exposing JMeter plugins via META-INF/services, and add JMeter-Skip-Class-Scanning=true manifest attribute so JMeter can skip classfile scanning
2026-06-19 15:32:09,944 INFO o.a.j.JMeter: Running test (1781893929944)
2026-06-19 15:32:09,982 INFO o.a.j.e.StandardJMeterEngine: Starting ThreadGroup: 1 : Usuarios Academia Sin Humo
2026-06-19 15:32:09,985 INFO o.a.j.e.StandardJMeterEngine: Starting 10 threads for group Usuarios Academia Sin Humo.
2026-06-19 15:32:09,985 INFO o.a.j.e.StandardJMeterEngine: Thread will continue on error
2026-06-19 15:32:09,987 INFO o.a.j.t.ThreadGroup: Starting thread group... number=1 threads=10 ramp-up=10 delayedStart=false
2026-06-19 15:32:10,031 INFO o.a.j.t.JMeterThread: Thread started: Usuarios Academia Sin Humo 1-1
2026-06-19 15:32:10,086 INFO o.a.j.t.ThreadGroup: Started thread group number 1
2026-06-19 15:32:10,088 INFO o.a.j.e.StandardJMeterEngine: All thread groups have been started
2026-06-19 15:32:10,116 INFO o.a.j.p.h.s.HTTPHCAbstractImpl: Local host = MacBook-Air.local
2026-06-19 15:32:10,123 INFO o.a.j.p.h.s.HTTPHC4Impl: HTTP request retry count = 0
2026-06-19 15:32:10,124 INFO o.a.j.s.SampleResult: Note: Sample TimeStamps are START times
2026-06-19 15:32:10,124 INFO o.a.j.s.SampleResult: sampleresult.default.encoding is set to UTF-8
2026-06-19 15:32:10,124 INFO o.a.j.s.SampleResult: sampleresult.useNanoTime=true
2026-06-19 15:32:10,124 INFO o.a.j.s.SampleResult: sampleresult.nanoThreadSleep=5000
2026-06-19 15:32:10,357 INFO o.a.j.p.h.s.h.LazyLayeredConnectionSocketFactory: Setting up HTTPS TrustAll Socket Factory
2026-06-19 15:32:10,367 INFO o.a.j.u.JsseSSLManager: Using default SSL protocol: TLS
2026-06-19 15:32:10,367 INFO o.a.j.u.JsseSSLManager: SSL session context: per-thread
2026-06-19 15:32:10,484 INFO o.a.j.u.SSLManager: JmeterKeyStore Location:  type JKS
2026-06-19 15:32:10,489 INFO o.a.j.u.SSLManager: KeyStore created OK
2026-06-19 15:32:10,489 WARN o.a.j.u.SSLManager: Keystore file not found, loading empty keystore
2026-06-19 15:32:10,998 INFO o.a.j.t.JMeterThread: Thread started: Usuarios Academia Sin Humo 1-2
2026-06-19 15:32:11,995 INFO o.a.j.t.JMeterThread: Thread started: Usuarios Academia Sin Humo 1-3
2026-06-19 15:32:13,028 INFO o.a.j.t.JMeterThread: Thread started: Usuarios Academia Sin Humo 1-4
2026-06-19 15:32:13,998 INFO o.a.j.t.JMeterThread: Thread started: Usuarios Academia Sin Humo 1-5
2026-06-19 15:32:15,001 INFO o.a.j.t.JMeterThread: Thread started: Usuarios Academia Sin Humo 1-6
2026-06-19 15:32:15,997 INFO o.a.j.t.JMeterThread: Thread started: Usuarios Academia Sin Humo 1-7
2026-06-19 15:32:16,996 INFO o.a.j.t.JMeterThread: Thread started: Usuarios Academia Sin Humo 1-8
2026-06-19 15:32:18,003 INFO o.a.j.t.JMeterThread: Thread started: Usuarios Academia Sin Humo 1-9
2026-06-19 15:32:18,999 INFO o.a.j.t.JMeterThread: Thread started: Usuarios Academia Sin Humo 1-10
2026-06-19 15:32:19,081 INFO o.a.j.t.JMeterThread: Thread is done: Usuarios Academia Sin Humo 1-2
2026-06-19 15:32:19,081 INFO o.a.j.t.JMeterThread: Thread finished: Usuarios Academia Sin Humo 1-2
2026-06-19 15:32:19,136 INFO o.a.j.t.JMeterThread: Thread is done: Usuarios Academia Sin Humo 1-1
2026-06-19 15:32:19,137 INFO o.a.j.t.JMeterThread: Thread finished: Usuarios Academia Sin Humo 1-1
2026-06-19 15:32:19,464 INFO o.a.j.t.JMeterThread: Thread is done: Usuarios Academia Sin Humo 1-3
2026-06-19 15:32:19,464 INFO o.a.j.t.JMeterThread: Thread finished: Usuarios Academia Sin Humo 1-3
2026-06-19 15:32:20,657 INFO o.a.j.t.JMeterThread: Thread is done: Usuarios Academia Sin Humo 1-4
2026-06-19 15:32:20,657 INFO o.a.j.t.JMeterThread: Thread finished: Usuarios Academia Sin Humo 1-4
2026-06-19 15:32:21,677 INFO o.a.j.t.JMeterThread: Thread is done: Usuarios Academia Sin Humo 1-5
2026-06-19 15:32:21,678 INFO o.a.j.t.JMeterThread: Thread finished: Usuarios Academia Sin Humo 1-5
2026-06-19 15:32:22,087 INFO o.a.j.t.JMeterThread: Thread is done: Usuarios Academia Sin Humo 1-6
2026-06-19 15:32:22,087 INFO o.a.j.t.JMeterThread: Thread finished: Usuarios Academia Sin Humo 1-6
2026-06-19 15:32:23,126 INFO o.a.j.t.JMeterThread: Thread is done: Usuarios Academia Sin Humo 1-7
2026-06-19 15:32:23,126 INFO o.a.j.t.JMeterThread: Thread finished: Usuarios Academia Sin Humo 1-7
2026-06-19 15:32:23,989 INFO o.a.j.t.JMeterThread: Thread is done: Usuarios Academia Sin Humo 1-8
2026-06-19 15:32:23,989 INFO o.a.j.t.JMeterThread: Thread finished: Usuarios Academia Sin Humo 1-8
2026-06-19 15:32:25,033 INFO o.a.j.t.JMeterThread: Thread is done: Usuarios Academia Sin Humo 1-9
2026-06-19 15:32:25,034 INFO o.a.j.t.JMeterThread: Thread finished: Usuarios Academia Sin Humo 1-9
2026-06-19 15:32:26,080 INFO o.a.j.t.JMeterThread: Thread is done: Usuarios Academia Sin Humo 1-10
2026-06-19 15:32:26,082 INFO o.a.j.t.JMeterThread: Thread finished: Usuarios Academia Sin Humo 1-10
2026-06-19 15:32:26,083 INFO o.a.j.e.StandardJMeterEngine: Notifying test listeners of end of test
2026-06-19 15:32:26,093 INFO o.a.j.r.Summariser: summary =    200 in 00:00:16 =   12.4/s Avg:   372 Min:   306 Max:  1657 Err:     0 (0.00%)
2026-06-19 15:32:26,099 INFO o.a.j.JMeter: Generating Dashboard
2026-06-19 15:32:26,100 INFO o.a.j.r.d.ReportGenerator: Flushing result collector before report Generation
2026-06-19 15:32:26,138 INFO o.a.j.r.p.NormalizerSampleConsumer: Using format, 'ms', to parse timeStamp field
2026-06-19 15:32:26,261 INFO o.a.j.r.p.AbstractSampleConsumer: class org.apache.jmeter.report.processor.AggregateConsumer#stopProducing(): beginDate produced 0 samples
2026-06-19 15:32:26,261 INFO o.a.j.r.p.AbstractSampleConsumer: class org.apache.jmeter.report.processor.AggregateConsumer#stopProducing(): endDate produced 0 samples
2026-06-19 15:32:26,262 INFO o.a.j.r.p.AbstractSampleConsumer: class org.apache.jmeter.report.processor.ApdexSummaryConsumer#stopProducing(): apdexSummary produced 0 samples
2026-06-19 15:32:26,263 INFO o.a.j.r.p.AbstractSampleConsumer: class org.apache.jmeter.report.processor.RequestsSummaryConsumer#stopProducing(): requestsSummary produced 0 samples
2026-06-19 15:32:26,266 INFO o.a.j.r.p.AbstractSampleConsumer: class org.apache.jmeter.report.processor.StatisticsSummaryConsumer#stopProducing(): statisticsSummary produced 0 samples
2026-06-19 15:32:26,269 INFO o.a.j.r.p.AbstractSampleConsumer: class org.apache.jmeter.report.processor.Top5ErrorsBySamplerConsumer#stopProducing(): top5ErrorsBySampler produced 0 samples
2026-06-19 15:32:26,269 INFO o.a.j.r.p.AbstractSampleConsumer: class org.apache.jmeter.report.processor.ErrorsSummaryConsumer#stopProducing(): errorsSummary produced 0 samples
2026-06-19 15:32:26,269 INFO o.a.j.r.p.AbstractSampleConsumer: class org.apache.jmeter.report.processor.graph.impl.HitsPerSecondGraphConsumer#stopProducing(): hitsPerSecond produced 0 samples
2026-06-19 15:32:26,289 INFO o.a.j.r.p.AbstractSampleConsumer: class org.apache.jmeter.report.processor.graph.impl.LatencyVSRequestGraphConsumer#stopProducing(): latencyVsRequest produced 0 samples
2026-06-19 15:32:26,289 INFO o.a.j.r.p.AbstractSampleConsumer: class org.apache.jmeter.report.processor.graph.impl.SyntheticResponseTimeDistributionGraphConsumer#stopProducing(): syntheticResponseTimeDistribution produced 0 samples
2026-06-19 15:32:26,290 INFO o.a.j.r.p.AbstractSampleConsumer: class org.apache.jmeter.report.processor.graph.impl.BytesThroughputGraphConsumer#stopProducing(): bytesThroughputOverTime produced 0 samples
2026-06-19 15:32:26,290 INFO o.a.j.r.p.AbstractSampleConsumer: class org.apache.jmeter.report.processor.graph.impl.CodesPerSecondGraphConsumer#stopProducing(): codesPerSecond produced 0 samples
2026-06-19 15:32:26,293 INFO o.a.j.r.p.AbstractSampleConsumer: class org.apache.jmeter.report.processor.graph.impl.ResponseTimeVSRequestGraphConsumer#stopProducing(): responseTimeVsRequest produced 0 samples
2026-06-19 15:32:26,294 INFO o.a.j.r.p.AbstractSampleConsumer: class org.apache.jmeter.report.processor.FilterConsumer#stopProducing(): startIntervalControlerFilter produced 1400 samples
2026-06-19 15:32:26,294 INFO o.a.j.r.p.AbstractSampleConsumer: class org.apache.jmeter.report.processor.graph.impl.TotalTPSGraphConsumer#stopProducing(): totalTPS produced 0 samples
2026-06-19 15:32:26,294 INFO o.a.j.r.p.AbstractSampleConsumer: class org.apache.jmeter.report.processor.graph.impl.ActiveThreadsGraphConsumer#stopProducing(): activeThreadsOverTime produced 0 samples
2026-06-19 15:32:26,294 INFO o.a.j.r.p.AbstractSampleConsumer: class org.apache.jmeter.report.processor.graph.impl.TimeVSThreadGraphConsumer#stopProducing(): timeVsThreads produced 0 samples
2026-06-19 15:32:26,294 INFO o.a.j.r.p.AbstractSampleConsumer: class org.apache.jmeter.report.processor.graph.impl.ResponseTimeDistributionGraphConsumer#stopProducing(): responseTimeDistribution produced 0 samples
2026-06-19 15:32:26,294 INFO o.a.j.r.p.AbstractSampleConsumer: class org.apache.jmeter.report.processor.graph.impl.TransactionsPerSecondGraphConsumer#stopProducing(): transactionsPerSecond produced 0 samples
2026-06-19 15:32:26,294 INFO o.a.j.r.p.AbstractSampleConsumer: class org.apache.jmeter.report.processor.graph.impl.ResponseTimePercentilesGraphConsumer#stopProducing(): responseTimePercentiles produced 0 samples
2026-06-19 15:32:26,300 INFO o.a.j.r.p.AbstractSampleConsumer: class org.apache.jmeter.report.processor.graph.impl.ResponseTimePercentilesOverTimeGraphConsumer#stopProducing(): responseTimePercentilesOverTime produced 0 samples
2026-06-19 15:32:26,300 INFO o.a.j.r.p.AbstractSampleConsumer: class org.apache.jmeter.report.processor.graph.impl.ResponseTimeOverTimeGraphConsumer#stopProducing(): responseTimesOverTime produced 0 samples
2026-06-19 15:32:26,300 INFO o.a.j.r.p.AbstractSampleConsumer: class org.apache.jmeter.report.processor.graph.impl.ConnectTimeOverTimeGraphConsumer#stopProducing(): connectTimeOverTime produced 0 samples
2026-06-19 15:32:26,300 INFO o.a.j.r.p.AbstractSampleConsumer: class org.apache.jmeter.report.processor.graph.impl.LatencyOverTimeGraphConsumer#stopProducing(): latenciesOverTime produced 0 samples
2026-06-19 15:32:26,300 INFO o.a.j.r.p.AbstractSampleConsumer: class org.apache.jmeter.report.processor.FilterConsumer#stopProducing(): nameFilter produced 3000 samples
2026-06-19 15:32:26,300 INFO o.a.j.r.p.AbstractSampleConsumer: class org.apache.jmeter.report.processor.FilterConsumer#stopProducing(): dateRangeFilter produced 600 samples
2026-06-19 15:32:26,300 INFO o.a.j.r.p.AbstractSampleConsumer: class org.apache.jmeter.report.processor.NormalizerSampleConsumer#stopProducing(): normalizer produced 200 samples
2026-06-19 15:32:26,301 INFO o.a.j.r.p.CsvFileSampleSource: produce(): 200 samples produced in 135ms on channel 0
2026-06-19 15:32:26,301 INFO o.a.j.r.d.ReportGenerator: Exporting data using exporter:'json' of className:'org.apache.jmeter.report.dashboard.JsonExporter'
2026-06-19 15:32:26,357 INFO o.a.j.r.d.JsonExporter: Found data for consumer statisticsSummary in context
2026-06-19 15:32:26,357 INFO o.a.j.r.d.JsonExporter: Creating statistics for overall
2026-06-19 15:32:26,357 INFO o.a.j.r.d.JsonExporter: Creating statistics for other transactions
2026-06-19 15:32:26,358 INFO o.a.j.r.d.JsonExporter: Checking output folder
2026-06-19 15:32:26,358 INFO o.a.j.r.d.JsonExporter: Writing statistics JSON to /Users/adrianatrocherobles/Mis cosas/Documents/Personal/Master en litethinking/qa-devops-ai-challenge/performance/jmeter/results/html-report/statistics.json
2026-06-19 15:32:26,397 INFO o.a.j.r.d.ReportGenerator: Exporting data using exporter:'html' of className:'org.apache.jmeter.report.dashboard.HtmlTemplateExporter'
2026-06-19 15:32:26,402 INFO o.a.j.r.d.HtmlTemplateExporter: Will generate dashboard in folder: /Users/adrianatrocherobles/Mis cosas/Documents/Personal/Master en litethinking/qa-devops-ai-challenge/performance/jmeter/results/html-report
2026-06-19 15:32:26,568 INFO o.a.j.r.d.HtmlTemplateExporter: Report will be generated in: /Users/adrianatrocherobles/Mis cosas/Documents/Personal/Master en litethinking/qa-devops-ai-challenge/performance/jmeter/results/html-report, creating folder structure
2026-06-19 15:32:26,571 INFO o.a.j.r.d.TemplateVisitor: Copying folder from '/usr/local/Cellar/jmeter/5.6.3/libexec/bin/report-template' to '/Users/adrianatrocherobles/Mis cosas/Documents/Personal/Master en litethinking/qa-devops-ai-challenge/performance/jmeter/results/html-report', got message: /Users/adrianatrocherobles/Mis cosas/Documents/Personal/Master en litethinking/qa-devops-ai-challenge/performance/jmeter/results/html-report, found non empty folder with following content [/Users/adrianatrocherobles/Mis cosas/Documents/Personal/Master en litethinking/qa-devops-ai-challenge/performance/jmeter/results/html-report/statistics.json], will be ignored
2026-06-19 15:32:26,856 INFO o.a.j.JMeter: Dashboard generated
